[collab.framer.media/index.html]
[backblue.gif]
[fade.gif]
[index.html]
[collab.framer.media/projects.html]
[collab.framer.media/contact.html]
[collab.framer.media/about.html]
[framerusercontent.com/images/N9KbS6t0a9ZI66TsFabGNjVGxU.png]
[framerusercontent.com/images/ijc2cQvaTMCHOLmwVZHlLs1zr4.png]
[framerusercontent.com/images/geEgNVJeOwGeRJKgukAH2LuDfs.png]
[framerusercontent.com/images/0Z4jvZPXyw5MlB40XLVAcGEFUM.png]
[framerusercontent.com/images/i7AAfGuAMw3i2nhPsu8bHkvt2wkbf23.jpg]
[collab.framer.media/index.html]
[collab.framer.media/projects/base-running.html]
[collab.framer.media/projects/lumina.html]
[collab.framer.media/projects/carto.html]
[collab.framer.media/projects.html]
[collab.framer.media/contact.html]
[collab.framer.media/about.html]
[collab.framer.media/projects/base-running.html]
[collab.framer.media/projects/lumina.html]
[collab.framer.media/projects/arrival.html]
[framerusercontent.com/images/1Su6zwz6rwEfTEa7dJBWVH7XY.png]
[collab.framer.media/projects/carto.html]
[collab.framer.media/projects/arrival.html]
